
> backend@1.0.0 test
> jest src/tests/students.test.ts

  console.log
    Prisma connecting to: postgresql://app_user:secure_db_pass@192.168.147.3:5432/student_management_test?schema=public

      at Object.<anonymous> (src/config/prisma.ts:7:9)

  console.log
    [dotenv@17.2.4] injecting env (0) from .env -- tip: ≡ƒöä add secrets lifecycle management: https://dotenvx.com/ops

      at _log (node_modules/dotenv/lib/main.js:142:11)

npm : FAIL src/tests/students.test.ts (18.286 s)
At line:1 char:1
+ npm test src/tests/students.test.ts > test_output.txt 2>&1
+ ~~~~~~~~~~~~~~~~~~~~~~~~~~~~~~~~~~~~~~~~~~~~~~~~~~~~~~~~~~
    + CategoryInfo          : NotSpecified: (FAIL src/tests/...t.ts (18.286 s):String) [], RemoteException
    + FullyQualifiedErrorId : NativeCommandError
 
  Student Management API

    GET /api/students

      ΓêÜ should get all students with pagination (173 ms)

      ΓêÜ should search students by name (115 ms)

      ΓêÜ should reject request without authentication (21 ms)

    GET /api/students/:id

      ΓêÜ should get student by ID with parent info (185 ms)

      ΓêÜ should return 404 for non-existent student (43 ms)

    POST /api/students

      ΓêÜ should create a new student (121 ms)

      ├ù should reject duplicate student code (119 ms)

      ΓêÜ should reject student creation with missing required fields (43 ms)

      ΓêÜ should create student without parent (92 ms)

    PUT /api/students/:id

      ΓêÜ should update student details (104 ms)

      ├ù should return 404 for non-existent student (646 ms)

    DELETE /api/students/:id

      ΓêÜ should soft delete student (set isDeleted to true) (55 ms)

      ├ù should return 404 for non-existent student (56 ms)



  ΓùÅ Student Management API ΓÇ║ POST /api/students ΓÇ║ should reject duplicate student code

    expect(received).toBe(expected) // Object.is equality

    Expected: 409
    Received: 500

    [0m [90m 123 |[39m                 })[33m;[39m
     [90m 124 |[39m
    [31m[1m>[22m[39m[90m 125 |[39m             
expect(response[33m.[39mstatus)[33m.[39mtoBe([35m409[39m)[33m;[39m
     [90m     |[39m                                     [31m[1m^[22m[39m
     [90m 126 |[39m         })[33m;[39m
     [90m 127 |[39m
     [90m 128 |[39m         it([32m'should reject student creation with missing required fields'[39m[33m,[39m 
[36masync[39m () [33m=>[39m {[0m

      at Object.<anonymous> (src/tests/students.test.ts:125:37)

  ΓùÅ Student Management API ΓÇ║ PUT /api/students/:id ΓÇ║ should return 404 for non-existent student

    expect(received).toBe(expected) // Object.is equality

    Expected: 404
    Received: 500

    [0m [90m 188 |[39m                 })[33m;[39m
     [90m 189 |[39m
    [31m[1m>[22m[39m[90m 190 |[39m             
expect(response[33m.[39mstatus)[33m.[39mtoBe([35m404[39m)[33m;[39m
     [90m     |[39m                                     [31m[1m^[22m[39m
     [90m 191 |[39m         })[33m;[39m
     [90m 192 |[39m     })[33m;[39m
     [90m 193 |[39m[0m

      at Object.<anonymous> (src/tests/students.test.ts:190:37)

  ΓùÅ Student Management API ΓÇ║ DELETE /api/students/:id ΓÇ║ should return 404 for non-existent student

    expect(received).toBe(expected) // Object.is equality

    Expected: 404
    Received: 500

    [0m [90m 214 |[39m                 [33m.[39m[36mset[39m([32m'Authorization'[39m[33m,[39m [32m`Bearer 
${token}`[39m)[33m;[39m
     [90m 215 |[39m
    [31m[1m>[22m[39m[90m 216 |[39m             
expect(response[33m.[39mstatus)[33m.[39mtoBe([35m404[39m)[33m;[39m
     [90m     |[39m                                     [31m[1m^[22m[39m
     [90m 217 |[39m         })[33m;[39m
     [90m 218 |[39m     })[33m;[39m
     [90m 219 |[39m })[33m;[39m[0m

      at Object.<anonymous> (src/tests/students.test.ts:216:37)


Test Suites: 1 failed, 1 total
Tests:       3 failed, 10 passed, 13 total
Snapshots:   0 total
Time:        20.081 s
Ran all test suites matching src/tests/students.test.ts.

Force exiting Jest: Have you considered using `--detectOpenHandles` to detect async operations that kept running after 
all tests finished?

